interactions:
- request:
    body: mail_host=example.com
    headers:
      accept-encoding: ['gzip, deflate']
      content-type: [application/x-www-form-urlencoded]
    method: POST
    uri: http://localhost:9001/3.0/domains
  response:
    body: {string: ''}
    headers:
      content-length: ['0']
      content-type: [application/json; charset=UTF-8]
      location: ['http://localhost:9001/3.0/domains/example.com']
    status: {code: 201, message: Created}
- request:
    body: null
    headers:
      accept-encoding: ['gzip, deflate']
    method: GET
    uri: http://localhost:9001/3.0/domains/example.com
  response:
    body: {string: '{"alias_domain": null, "description": null, "http_etag": "\"492652d581dc93af101db450d81ae93a074bff49\"",
        "mail_host": "example.com", "self_link": "http://localhost:9001/3.0/domains/example.com"}'}
    headers:
      content-length: ['194']
      content-type: [application/json; charset=UTF-8]
    status: {code: 200, message: OK}
- request:
    body: fqdn_listname=foo%40example.com
    headers:
      accept-encoding: ['gzip, deflate']
      content-type: [application/x-www-form-urlencoded]
    method: POST
    uri: http://localhost:9001/3.0/lists
  response:
    body: {string: ''}
    headers:
      content-length: ['0']
      content-type: [application/json; charset=UTF-8]
      location: ['http://localhost:9001/3.0/lists/foo.example.com']
    status: {code: 201, message: Created}
- request:
    body: null
    headers:
      accept-encoding: ['gzip, deflate']
    method: GET
    uri: http://localhost:9001/3.0/lists/foo.example.com
  response:
    body: {string: '{"display_name": "Foo", "fqdn_listname": "foo@example.com", "http_etag":
        "\"698a819bbb6b902096a8c5543cc7fac2328960d5\"", "list_id": "foo.example.com",
        "list_name": "foo", "mail_host": "example.com", "member_count": 0, "self_link":
        "http://localhost:9001/3.0/lists/foo.example.com", "volume": 1}'}
    headers:
      content-length: ['294']
      content-type: [application/json; charset=UTF-8]
    status: {code: 200, message: OK}
- request:
    body: list_id=foo.example.com&role=owner&subscriber=owner%40example.com
    headers:
      accept-encoding: ['gzip, deflate']
      content-type: [application/x-www-form-urlencoded]
    method: POST
    uri: http://localhost:9001/3.0/members
  response:
    body: {string: ''}
    headers:
      content-length: ['0']
      content-type: [application/json; charset=UTF-8]
      location: ['http://localhost:9001/3.0/members/115']
    status: {code: 201, message: Created}
- request:
    body: list_id=foo.example.com&role=moderator&subscriber=moderator%40example.com
    headers:
      accept-encoding: ['gzip, deflate']
      content-type: [application/x-www-form-urlencoded]
    method: POST
    uri: http://localhost:9001/3.0/members
  response:
    body: {string: ''}
    headers:
      content-length: ['0']
      content-type: [application/json; charset=UTF-8]
      location: ['http://localhost:9001/3.0/members/116']
    status: {code: 201, message: Created}
- request:
    body: null
    headers:
      accept-encoding: ['gzip, deflate']
    method: GET
    uri: http://localhost:9001/3.0/lists/foo@example.com/config
  response:
    body: {string: '{"acceptable_aliases": [], "admin_immed_notify": true, "admin_notify_mchanges":
        false, "administrivia": true, "advertised": true, "allow_list_posts": true,
        "anonymous_list": false, "archive_policy": "public", "autorespond_owner":
        "none", "autorespond_postings": "none", "autorespond_requests": "none", "autoresponse_grace_period":
        "90d", "autoresponse_owner_text": "", "autoresponse_postings_text": "", "autoresponse_request_text":
        "", "bounces_address": "foo-bounces@example.com", "collapse_alternatives":
        true, "convert_html_to_plaintext": false, "created_at": "2005-08-01T07:49:23",
        "default_member_action": "defer", "default_nonmember_action": "hold", "description":
        "", "digest_footer_uri": "", "digest_header_uri": "", "digest_last_sent_at":
        null, "digest_send_periodic": true, "digest_size_threshold": 30.0, "digest_volume_frequency":
        "monthly", "digests_enabled": true, "display_name": "Foo", "dmarc_mitigate_action":
        "no_mitigation", "dmarc_mitigate_unconditionally": false, "dmarc_moderation_notice":
        "", "dmarc_wrapped_message_text": "", "filter_content": false, "first_strip_reply_to":
        false, "footer_uri": "", "fqdn_listname": "foo@example.com", "goodbye_message_uri":
        "", "header_uri": "", "http_etag": "\"e7dcff2fb96bc944d9ee69aacc36879cb06b1b6e\"",
        "include_rfc2369_headers": true, "info": "", "join_address": "foo-join@example.com",
        "last_post_at": null, "leave_address": "foo-leave@example.com", "list_name":
        "foo", "mail_host": "example.com", "max_message_size": 40, "moderator_password":
        null, "next_digest_number": 1, "no_reply_address": "noreply@example.com",
        "owner_address": "foo-owner@example.com", "post_id": 1, "posting_address":
        "foo@example.com", "posting_pipeline": "default-posting-pipeline", "reply_goes_to_list":
        "no_munging", "reply_to_address": "", "request_address": "foo-request@example.com",
        "send_welcome_message": true, "subject_prefix": "[Foo] ", "subscription_policy":
        "confirm", "volume": 1, "welcome_message_uri": ""}'}
    headers:
      content-length: ['1961']
      content-type: [application/json; charset=UTF-8]
    status: {code: 200, message: OK}
- request:
    body: null
    headers:
      accept-encoding: ['gzip, deflate']
    method: GET
    uri: http://localhost:9001/3.0/lists/foo.example.com
  response:
    body: {string: '{"display_name": "Foo", "fqdn_listname": "foo@example.com", "http_etag":
        "\"698a819bbb6b902096a8c5543cc7fac2328960d5\"", "list_id": "foo.example.com",
        "list_name": "foo", "mail_host": "example.com", "member_count": 0, "self_link":
        "http://localhost:9001/3.0/lists/foo.example.com", "volume": 1}'}
    headers:
      content-length: ['294']
      content-type: [application/json; charset=UTF-8]
    status: {code: 200, message: OK}
- request:
    body: null
    headers:
      accept-encoding: ['gzip, deflate']
    method: GET
    uri: http://localhost:9001/3.0/lists/foo@example.com/config
  response:
    body: {string: '{"acceptable_aliases": [], "admin_immed_notify": true, "admin_notify_mchanges":
        false, "administrivia": true, "advertised": true, "allow_list_posts": true,
        "anonymous_list": false, "archive_policy": "public", "autorespond_owner":
        "none", "autorespond_postings": "none", "autorespond_requests": "none", "autoresponse_grace_period":
        "90d", "autoresponse_owner_text": "", "autoresponse_postings_text": "", "autoresponse_request_text":
        "", "bounces_address": "foo-bounces@example.com", "collapse_alternatives":
        true, "convert_html_to_plaintext": false, "created_at": "2005-08-01T07:49:23",
        "default_member_action": "defer", "default_nonmember_action": "hold", "description":
        "", "digest_footer_uri": "", "digest_header_uri": "", "digest_last_sent_at":
        null, "digest_send_periodic": true, "digest_size_threshold": 30.0, "digest_volume_frequency":
        "monthly", "digests_enabled": true, "display_name": "Foo", "dmarc_mitigate_action":
        "no_mitigation", "dmarc_mitigate_unconditionally": false, "dmarc_moderation_notice":
        "", "dmarc_wrapped_message_text": "", "filter_content": false, "first_strip_reply_to":
        false, "footer_uri": "", "fqdn_listname": "foo@example.com", "goodbye_message_uri":
        "", "header_uri": "", "http_etag": "\"e7dcff2fb96bc944d9ee69aacc36879cb06b1b6e\"",
        "include_rfc2369_headers": true, "info": "", "join_address": "foo-join@example.com",
        "last_post_at": null, "leave_address": "foo-leave@example.com", "list_name":
        "foo", "mail_host": "example.com", "max_message_size": 40, "moderator_password":
        null, "next_digest_number": 1, "no_reply_address": "noreply@example.com",
        "owner_address": "foo-owner@example.com", "post_id": 1, "posting_address":
        "foo@example.com", "posting_pipeline": "default-posting-pipeline", "reply_goes_to_list":
        "no_munging", "reply_to_address": "", "request_address": "foo-request@example.com",
        "send_welcome_message": true, "subject_prefix": "[Foo] ", "subscription_policy":
        "confirm", "volume": 1, "welcome_message_uri": ""}'}
    headers:
      content-length: ['1961']
      content-type: [application/json; charset=UTF-8]
    status: {code: 200, message: OK}
- request:
    body: null
    headers:
      accept-encoding: ['gzip, deflate']
    method: GET
    uri: http://localhost:9001/3.0/system/pipelines
  response:
    body: {string: '{"http_etag": "\"ff8a7af97caf24e6ca24c5baed447ff532bd1b4f\"",
        "pipelines": ["default-owner-pipeline", "default-posting-pipeline", "virgin"]}'}
    headers:
      content-length: ['140']
      content-type: [application/json; charset=UTF-8]
    status: {code: 200, message: OK}
- request:
    body: null
    headers:
      accept-encoding: ['gzip, deflate']
    method: GET
    uri: http://localhost:9001/3.0/system/pipelines
  response:
    body: {string: '{"http_etag": "\"ff8a7af97caf24e6ca24c5baed447ff532bd1b4f\"",
        "pipelines": ["default-owner-pipeline", "default-posting-pipeline", "virgin"]}'}
    headers:
      content-length: ['140']
      content-type: [application/json; charset=UTF-8]
    status: {code: 200, message: OK}
- request:
    body: null
    headers:
      accept-encoding: ['gzip, deflate']
    method: GET
    uri: http://localhost:9001/3.0/lists/foo.example.com
  response:
    body: {string: '{"display_name": "Foo", "fqdn_listname": "foo@example.com", "http_etag":
        "\"698a819bbb6b902096a8c5543cc7fac2328960d5\"", "list_id": "foo.example.com",
        "list_name": "foo", "mail_host": "example.com", "member_count": 0, "self_link":
        "http://localhost:9001/3.0/lists/foo.example.com", "volume": 1}'}
    headers:
      content-length: ['294']
      content-type: [application/json; charset=UTF-8]
    status: {code: 200, message: OK}
- request:
    body: null
    headers:
      accept-encoding: ['gzip, deflate']
    method: GET
    uri: http://localhost:9001/3.0/lists/foo@example.com/config
  response:
    body: {string: '{"acceptable_aliases": [], "admin_immed_notify": true, "admin_notify_mchanges":
        false, "administrivia": true, "advertised": true, "allow_list_posts": true,
        "anonymous_list": false, "archive_policy": "public", "autorespond_owner":
        "none", "autorespond_postings": "none", "autorespond_requests": "none", "autoresponse_grace_period":
        "90d", "autoresponse_owner_text": "", "autoresponse_postings_text": "", "autoresponse_request_text":
        "", "bounces_address": "foo-bounces@example.com", "collapse_alternatives":
        true, "convert_html_to_plaintext": false, "created_at": "2005-08-01T07:49:23",
        "default_member_action": "defer", "default_nonmember_action": "hold", "description":
        "", "digest_footer_uri": "", "digest_header_uri": "", "digest_last_sent_at":
        null, "digest_send_periodic": true, "digest_size_threshold": 30.0, "digest_volume_frequency":
        "monthly", "digests_enabled": true, "display_name": "Foo", "dmarc_mitigate_action":
        "no_mitigation", "dmarc_mitigate_unconditionally": false, "dmarc_moderation_notice":
        "", "dmarc_wrapped_message_text": "", "filter_content": false, "first_strip_reply_to":
        false, "footer_uri": "", "fqdn_listname": "foo@example.com", "goodbye_message_uri":
        "", "header_uri": "", "http_etag": "\"e7dcff2fb96bc944d9ee69aacc36879cb06b1b6e\"",
        "include_rfc2369_headers": true, "info": "", "join_address": "foo-join@example.com",
        "last_post_at": null, "leave_address": "foo-leave@example.com", "list_name":
        "foo", "mail_host": "example.com", "max_message_size": 40, "moderator_password":
        null, "next_digest_number": 1, "no_reply_address": "noreply@example.com",
        "owner_address": "foo-owner@example.com", "post_id": 1, "posting_address":
        "foo@example.com", "posting_pipeline": "default-posting-pipeline", "reply_goes_to_list":
        "no_munging", "reply_to_address": "", "request_address": "foo-request@example.com",
        "send_welcome_message": true, "subject_prefix": "[Foo] ", "subscription_policy":
        "confirm", "volume": 1, "welcome_message_uri": ""}'}
    headers:
      content-length: ['1961']
      content-type: [application/json; charset=UTF-8]
    status: {code: 200, message: OK}
- request:
    body: null
    headers:
      accept-encoding: ['gzip, deflate']
    method: GET
    uri: http://localhost:9001/3.0/system/pipelines
  response:
    body: {string: '{"http_etag": "\"ff8a7af97caf24e6ca24c5baed447ff532bd1b4f\"",
        "pipelines": ["default-owner-pipeline", "default-posting-pipeline", "virgin"]}'}
    headers:
      content-length: ['140']
      content-type: [application/json; charset=UTF-8]
    status: {code: 200, message: OK}
- request:
    body: first_strip_reply_to=True
    headers:
      accept-encoding: ['gzip, deflate']
      content-type: [application/x-www-form-urlencoded]
    method: PATCH
    uri: http://localhost:9001/3.0/lists/foo@example.com/config
  response:
    body: {string: ''}
    headers:
      Content-Length: ['0']
    status: {code: 204, message: No Content}
- request:
    body: null
    headers:
      accept-encoding: ['gzip, deflate']
    method: GET
    uri: http://localhost:9001/3.0/lists/foo.example.com
  response:
    body: {string: '{"display_name": "Foo", "fqdn_listname": "foo@example.com", "http_etag":
        "\"698a819bbb6b902096a8c5543cc7fac2328960d5\"", "list_id": "foo.example.com",
        "list_name": "foo", "mail_host": "example.com", "member_count": 0, "self_link":
        "http://localhost:9001/3.0/lists/foo.example.com", "volume": 1}'}
    headers:
      content-length: ['294']
      content-type: [application/json; charset=UTF-8]
    status: {code: 200, message: OK}
- request:
    body: null
    headers:
      accept-encoding: ['gzip, deflate']
    method: GET
    uri: http://localhost:9001/3.0/lists/foo@example.com/config
  response:
    body: {string: '{"acceptable_aliases": [], "admin_immed_notify": true, "admin_notify_mchanges":
        false, "administrivia": true, "advertised": true, "allow_list_posts": true,
        "anonymous_list": false, "archive_policy": "public", "autorespond_owner":
        "none", "autorespond_postings": "none", "autorespond_requests": "none", "autoresponse_grace_period":
        "90d", "autoresponse_owner_text": "", "autoresponse_postings_text": "", "autoresponse_request_text":
        "", "bounces_address": "foo-bounces@example.com", "collapse_alternatives":
        true, "convert_html_to_plaintext": false, "created_at": "2005-08-01T07:49:23",
        "default_member_action": "defer", "default_nonmember_action": "hold", "description":
        "", "digest_footer_uri": "", "digest_header_uri": "", "digest_last_sent_at":
        null, "digest_send_periodic": true, "digest_size_threshold": 30.0, "digest_volume_frequency":
        "monthly", "digests_enabled": true, "display_name": "Foo", "dmarc_mitigate_action":
        "no_mitigation", "dmarc_mitigate_unconditionally": false, "dmarc_moderation_notice":
        "", "dmarc_wrapped_message_text": "", "filter_content": false, "first_strip_reply_to":
        true, "footer_uri": "", "fqdn_listname": "foo@example.com", "goodbye_message_uri":
        "", "header_uri": "", "http_etag": "\"b69070d701a055f8dc9677c2475f6ea9c486028c\"",
        "include_rfc2369_headers": true, "info": "", "join_address": "foo-join@example.com",
        "last_post_at": null, "leave_address": "foo-leave@example.com", "list_name":
        "foo", "mail_host": "example.com", "max_message_size": 40, "moderator_password":
        null, "next_digest_number": 1, "no_reply_address": "noreply@example.com",
        "owner_address": "foo-owner@example.com", "post_id": 1, "posting_address":
        "foo@example.com", "posting_pipeline": "default-posting-pipeline", "reply_goes_to_list":
        "no_munging", "reply_to_address": "", "request_address": "foo-request@example.com",
        "send_welcome_message": true, "subject_prefix": "[Foo] ", "subscription_policy":
        "confirm", "volume": 1, "welcome_message_uri": ""}'}
    headers:
      content-length: ['1960']
      content-type: [application/json; charset=UTF-8]
    status: {code: 200, message: OK}
- request:
    body: null
    headers:
      accept-encoding: ['gzip, deflate']
    method: GET
    uri: http://localhost:9001/3.0/system/pipelines
  response:
    body: {string: '{"http_etag": "\"ff8a7af97caf24e6ca24c5baed447ff532bd1b4f\"",
        "pipelines": ["default-owner-pipeline", "default-posting-pipeline", "virgin"]}'}
    headers:
      content-length: ['140']
      content-type: [application/json; charset=UTF-8]
    status: {code: 200, message: OK}
- request:
    body: null
    headers:
      accept-encoding: ['gzip, deflate']
    method: GET
    uri: http://localhost:9001/3.0/system/pipelines
  response:
    body: {string: '{"http_etag": "\"ff8a7af97caf24e6ca24c5baed447ff532bd1b4f\"",
        "pipelines": ["default-owner-pipeline", "default-posting-pipeline", "virgin"]}'}
    headers:
      content-length: ['140']
      content-type: [application/json; charset=UTF-8]
    status: {code: 200, message: OK}
- request:
    body: null
    headers:
      accept-encoding: ['gzip, deflate']
    method: GET
    uri: http://localhost:9001/3.0/lists/foo.example.com
  response:
    body: {string: '{"display_name": "Foo", "fqdn_listname": "foo@example.com", "http_etag":
        "\"698a819bbb6b902096a8c5543cc7fac2328960d5\"", "list_id": "foo.example.com",
        "list_name": "foo", "mail_host": "example.com", "member_count": 0, "self_link":
        "http://localhost:9001/3.0/lists/foo.example.com", "volume": 1}'}
    headers:
      content-length: ['294']
      content-type: [application/json; charset=UTF-8]
    status: {code: 200, message: OK}
- request:
    body: null
    headers:
      accept-encoding: ['gzip, deflate']
    method: GET
    uri: http://localhost:9001/3.0/lists/foo@example.com/config
  response:
    body: {string: '{"acceptable_aliases": [], "admin_immed_notify": true, "admin_notify_mchanges":
        false, "administrivia": true, "advertised": true, "allow_list_posts": true,
        "anonymous_list": false, "archive_policy": "public", "autorespond_owner":
        "none", "autorespond_postings": "none", "autorespond_requests": "none", "autoresponse_grace_period":
        "90d", "autoresponse_owner_text": "", "autoresponse_postings_text": "", "autoresponse_request_text":
        "", "bounces_address": "foo-bounces@example.com", "collapse_alternatives":
        true, "convert_html_to_plaintext": false, "created_at": "2005-08-01T07:49:23",
        "default_member_action": "defer", "default_nonmember_action": "hold", "description":
        "", "digest_footer_uri": "", "digest_header_uri": "", "digest_last_sent_at":
        null, "digest_send_periodic": true, "digest_size_threshold": 30.0, "digest_volume_frequency":
        "monthly", "digests_enabled": true, "display_name": "Foo", "dmarc_mitigate_action":
        "no_mitigation", "dmarc_mitigate_unconditionally": false, "dmarc_moderation_notice":
        "", "dmarc_wrapped_message_text": "", "filter_content": false, "first_strip_reply_to":
        true, "footer_uri": "", "fqdn_listname": "foo@example.com", "goodbye_message_uri":
        "", "header_uri": "", "http_etag": "\"b69070d701a055f8dc9677c2475f6ea9c486028c\"",
        "include_rfc2369_headers": true, "info": "", "join_address": "foo-join@example.com",
        "last_post_at": null, "leave_address": "foo-leave@example.com", "list_name":
        "foo", "mail_host": "example.com", "max_message_size": 40, "moderator_password":
        null, "next_digest_number": 1, "no_reply_address": "noreply@example.com",
        "owner_address": "foo-owner@example.com", "post_id": 1, "posting_address":
        "foo@example.com", "posting_pipeline": "default-posting-pipeline", "reply_goes_to_list":
        "no_munging", "reply_to_address": "", "request_address": "foo-request@example.com",
        "send_welcome_message": true, "subject_prefix": "[Foo] ", "subscription_policy":
        "confirm", "volume": 1, "welcome_message_uri": ""}'}
    headers:
      content-length: ['1960']
      content-type: [application/json; charset=UTF-8]
    status: {code: 200, message: OK}
- request:
    body: null
    headers:
      accept-encoding: ['gzip, deflate']
    method: GET
    uri: http://localhost:9001/3.0/domains
  response:
    body: {string: '{"entries": [{"alias_domain": null, "description": null, "http_etag":
        "\"492652d581dc93af101db450d81ae93a074bff49\"", "mail_host": "example.com",
        "self_link": "http://localhost:9001/3.0/domains/example.com"}], "http_etag":
        "\"5868fb6d2442c0d163e0edb2bfd7a92b6c812796\"", "start": 0, "total_size":
        1}'}
    headers:
      content-length: ['299']
      content-type: [application/json; charset=UTF-8]
    status: {code: 200, message: OK}
- request:
    body: null
    headers:
      accept-encoding: ['gzip, deflate']
    method: DELETE
    uri: http://localhost:9001/3.0/domains/example.com
  response:
    body: {string: ''}
    headers:
      Content-Length: ['0']
    status: {code: 204, message: No Content}
- request:
    body: null
    headers:
      accept-encoding: ['gzip, deflate']
    method: GET
    uri: http://localhost:9001/3.0/users
  response:
    body: {string: '{"entries": [{"created_on": "2005-08-01T07:49:23", "http_etag":
        "\"562a0d26c257705a22902c5a8cd196ab62f7ced1\"", "is_server_owner": false,
        "self_link": "http://localhost:9001/3.0/users/115", "user_id": 115}, {"created_on":
        "2005-08-01T07:49:23", "http_etag": "\"ce2c375de7d732a159dcd47a5d9ffebbe27a4091\"",
        "is_server_owner": false, "self_link": "http://localhost:9001/3.0/users/116",
        "user_id": 116}], "http_etag": "\"cab28cf9697db1ef375c2f1b3ca55622bf7997c2\"",
        "start": 0, "total_size": 2}'}
    headers:
      content-length: ['491']
      content-type: [application/json; charset=UTF-8]
    status: {code: 200, message: OK}
- request:
    body: null
    headers:
      accept-encoding: ['gzip, deflate']
    method: DELETE
    uri: http://localhost:9001/3.0/users/115
  response:
    body: {string: ''}
    headers:
      Content-Length: ['0']
    status: {code: 204, message: No Content}
- request:
    body: null
    headers:
      accept-encoding: ['gzip, deflate']
    method: DELETE
    uri: http://localhost:9001/3.0/users/116
  response:
    body: {string: ''}
    headers:
      Content-Length: ['0']
    status: {code: 204, message: No Content}
version: 1
