interactions:
- request:
    body: mail_host=example.com
    headers:
      accept-encoding: ['gzip, deflate']
      content-type: [application/x-www-form-urlencoded]
    method: POST
    uri: http://localhost:9001/3.0/domains
  response:
    body: {string: ''}
    headers:
      content-length: ['0']
      content-type: [application/json; charset=UTF-8]
      location: ['http://localhost:9001/3.0/domains/example.com']
    status: {code: 201, message: Created}
- request:
    body: null
    headers:
      accept-encoding: ['gzip, deflate']
    method: GET
    uri: http://localhost:9001/3.0/domains/example.com
  response:
    body: {string: '{"alias_domain": null, "description": null, "http_etag": "\"492652d581dc93af101db450d81ae93a074bff49\"",
        "mail_host": "example.com", "self_link": "http://localhost:9001/3.0/domains/example.com"}'}
    headers:
      content-length: ['194']
      content-type: [application/json; charset=UTF-8]
    status: {code: 200, message: OK}
- request:
    body: fqdn_listname=foo%40example.com
    headers:
      accept-encoding: ['gzip, deflate']
      content-type: [application/x-www-form-urlencoded]
    method: POST
    uri: http://localhost:9001/3.0/lists
  response:
    body: {string: ''}
    headers:
      content-length: ['0']
      content-type: [application/json; charset=UTF-8]
      location: ['http://localhost:9001/3.0/lists/foo.example.com']
    status: {code: 201, message: Created}
- request:
    body: null
    headers:
      accept-encoding: ['gzip, deflate']
    method: GET
    uri: http://localhost:9001/3.0/lists/foo.example.com
  response:
    body: {string: '{"display_name": "Foo", "fqdn_listname": "foo@example.com", "http_etag":
        "\"698a819bbb6b902096a8c5543cc7fac2328960d5\"", "list_id": "foo.example.com",
        "list_name": "foo", "mail_host": "example.com", "member_count": 0, "self_link":
        "http://localhost:9001/3.0/lists/foo.example.com", "volume": 1}'}
    headers:
      content-length: ['294']
      content-type: [application/json; charset=UTF-8]
    status: {code: 200, message: OK}
- request:
    body: list_id=foo.example.com&role=owner&subscriber=owner%40example.com
    headers:
      accept-encoding: ['gzip, deflate']
      content-type: [application/x-www-form-urlencoded]
    method: POST
    uri: http://localhost:9001/3.0/members
  response:
    body: {string: ''}
    headers:
      content-length: ['0']
      content-type: [application/json; charset=UTF-8]
      location: ['http://localhost:9001/3.0/members/70']
    status: {code: 201, message: Created}
- request:
    body: list_id=foo.example.com&role=moderator&subscriber=moderator%40example.com
    headers:
      accept-encoding: ['gzip, deflate']
      content-type: [application/x-www-form-urlencoded]
    method: POST
    uri: http://localhost:9001/3.0/members
  response:
    body: {string: ''}
    headers:
      content-length: ['0']
      content-type: [application/json; charset=UTF-8]
      location: ['http://localhost:9001/3.0/members/71']
    status: {code: 201, message: Created}
- request:
    body: email=test%40example.com
    headers:
      accept-encoding: ['gzip, deflate']
      content-type: [application/x-www-form-urlencoded]
    method: POST
    uri: http://localhost:9001/3.0/users
  response:
    body: {string: ''}
    headers:
      content-length: ['0']
      content-type: [application/json; charset=UTF-8]
      location: ['http://localhost:9001/3.0/users/75']
    status: {code: 201, message: Created}
- request:
    body: null
    headers:
      accept-encoding: ['gzip, deflate']
    method: GET
    uri: http://localhost:9001/3.0/users/75
  response:
    body: {string: '{"created_on": "2005-08-01T07:49:23", "http_etag": "\"4a02e67bdbf4278c3220af00e5b4e3074ffe6a39\"",
        "is_server_owner": false, "password": "$6$rounds=656000$urgJFNUp4Zz9n7/I$IudKJFexIh.mKorONJolSfA00QV5PNBGcX86wXeKjfseCOTGiNUahOIEFf6oam4NJI/Y/s3qCA4LBy1OYIMAb0",
        "self_link": "http://localhost:9001/3.0/users/75", "user_id": 75}'}
    headers:
      content-length: ['326']
      content-type: [application/json; charset=UTF-8]
    status: {code: 200, message: OK}
- request:
    body: null
    headers:
      accept-encoding: ['gzip, deflate']
    method: GET
    uri: http://localhost:9001/3.0/users/75/addresses
  response:
    body: {string: '{"entries": [{"email": "test@example.com", "http_etag": "\"584db9aab24bb3a7c8083222b6c8427d6d354bd6\"",
        "original_email": "test@example.com", "registered_on": "2005-08-01T07:49:23",
        "self_link": "http://localhost:9001/3.0/addresses/test@example.com", "user":
        "http://localhost:9001/3.0/users/75"}], "http_etag": "\"0541eba9ef211b51a637afffa509fd327e7adef4\"",
        "start": 0, "total_size": 1}'}
    headers:
      content-length: ['388']
      content-type: [application/json; charset=UTF-8]
    status: {code: 200, message: OK}
- request:
    body: null
    headers:
      accept-encoding: ['gzip, deflate']
    method: POST
    uri: http://localhost:9001/3.0/addresses/test@example.com/verify
  response:
    body: {string: ''}
    headers:
      Content-Length: ['0']
    status: {code: 204, message: No Content}
- request:
    body: display_name=None&list_id=foo.example.com&pre_approved=True&pre_confirmed=True&pre_verified=True&subscriber=test%40example.com
    headers:
      accept-encoding: ['gzip, deflate']
      content-type: [application/x-www-form-urlencoded]
    method: POST
    uri: http://localhost:9001/3.0/members
  response:
    body: {string: ''}
    headers:
      content-length: ['0']
      content-type: [application/json; charset=UTF-8]
      location: ['http://localhost:9001/3.0/members/72']
    status: {code: 201, message: Created}
- request:
    body: null
    headers:
      accept-encoding: ['gzip, deflate']
    method: GET
    uri: http://localhost:9001/3.0/lists/foo.example.com
  response:
    body: {string: '{"display_name": "Foo", "fqdn_listname": "foo@example.com", "http_etag":
        "\"98cc998d4a30293ec17da639bce10617912a6e1e\"", "list_id": "foo.example.com",
        "list_name": "foo", "mail_host": "example.com", "member_count": 1, "self_link":
        "http://localhost:9001/3.0/lists/foo.example.com", "volume": 1}'}
    headers:
      content-length: ['294']
      content-type: [application/json; charset=UTF-8]
    status: {code: 200, message: OK}
- request:
    body: null
    headers:
      accept-encoding: ['gzip, deflate']
    method: GET
    uri: http://localhost:9001/3.0/lists/foo.example.com
  response:
    body: {string: '{"display_name": "Foo", "fqdn_listname": "foo@example.com", "http_etag":
        "\"98cc998d4a30293ec17da639bce10617912a6e1e\"", "list_id": "foo.example.com",
        "list_name": "foo", "mail_host": "example.com", "member_count": 1, "self_link":
        "http://localhost:9001/3.0/lists/foo.example.com", "volume": 1}'}
    headers:
      content-length: ['294']
      content-type: [application/json; charset=UTF-8]
    status: {code: 200, message: OK}
- request:
    body: null
    headers:
      accept-encoding: ['gzip, deflate']
    method: GET
    uri: http://localhost:9001/3.0/lists/foo.example.com/member/none@example.com
  response:
    body: {string: '{"title": "404 Not Found"}'}
    headers:
      content-length: ['26']
      content-type: [application/json; charset=UTF-8]
      vary: [Accept]
    status: {code: 404, message: Not Found}
- request:
    body: null
    headers:
      accept-encoding: ['gzip, deflate']
    method: GET
    uri: http://localhost:9001/3.0/domains
  response:
    body: {string: '{"entries": [{"alias_domain": null, "description": null, "http_etag":
        "\"492652d581dc93af101db450d81ae93a074bff49\"", "mail_host": "example.com",
        "self_link": "http://localhost:9001/3.0/domains/example.com"}], "http_etag":
        "\"5868fb6d2442c0d163e0edb2bfd7a92b6c812796\"", "start": 0, "total_size":
        1}'}
    headers:
      content-length: ['299']
      content-type: [application/json; charset=UTF-8]
    status: {code: 200, message: OK}
- request:
    body: null
    headers:
      accept-encoding: ['gzip, deflate']
    method: DELETE
    uri: http://localhost:9001/3.0/domains/example.com
  response:
    body: {string: ''}
    headers:
      Content-Length: ['0']
    status: {code: 204, message: No Content}
- request:
    body: null
    headers:
      accept-encoding: ['gzip, deflate']
    method: GET
    uri: http://localhost:9001/3.0/users
  response:
    body: {string: '{"entries": [{"created_on": "2005-08-01T07:49:23", "http_etag":
        "\"473b2615aa0b3a19fe77bc4c88fa9c56294b797b\"", "is_server_owner": false,
        "self_link": "http://localhost:9001/3.0/users/73", "user_id": 73}, {"created_on":
        "2005-08-01T07:49:23", "http_etag": "\"9bddc6c5439c7622ae030a2f5a3e159589e132e7\"",
        "is_server_owner": false, "self_link": "http://localhost:9001/3.0/users/74",
        "user_id": 74}, {"created_on": "2005-08-01T07:49:23", "http_etag": "\"4a02e67bdbf4278c3220af00e5b4e3074ffe6a39\"",
        "is_server_owner": false, "password": "$6$rounds=656000$urgJFNUp4Zz9n7/I$IudKJFexIh.mKorONJolSfA00QV5PNBGcX86wXeKjfseCOTGiNUahOIEFf6oam4NJI/Y/s3qCA4LBy1OYIMAb0",
        "self_link": "http://localhost:9001/3.0/users/75", "user_id": 75}], "http_etag":
        "\"a93b6034802260780b903a70b401499f08315484\"", "start": 0, "total_size":
        3}'}
    headers:
      content-length: ['815']
      content-type: [application/json; charset=UTF-8]
    status: {code: 200, message: OK}
- request:
    body: null
    headers:
      accept-encoding: ['gzip, deflate']
    method: DELETE
    uri: http://localhost:9001/3.0/users/73
  response:
    body: {string: ''}
    headers:
      Content-Length: ['0']
    status: {code: 204, message: No Content}
- request:
    body: null
    headers:
      accept-encoding: ['gzip, deflate']
    method: DELETE
    uri: http://localhost:9001/3.0/users/74
  response:
    body: {string: ''}
    headers:
      Content-Length: ['0']
    status: {code: 204, message: No Content}
- request:
    body: null
    headers:
      accept-encoding: ['gzip, deflate']
    method: DELETE
    uri: http://localhost:9001/3.0/users/75
  response:
    body: {string: ''}
    headers:
      Content-Length: ['0']
    status: {code: 204, message: No Content}
version: 1
