interactions:
- request:
    body: mail_host=example.com
    headers:
      accept-encoding: ['gzip, deflate']
      content-type: [application/x-www-form-urlencoded]
    method: POST
    uri: http://localhost:9001/3.0/domains
  response:
    body: {string: ''}
    headers:
      content-length: ['0']
      content-type: [application/json; charset=UTF-8]
      location: ['http://localhost:9001/3.0/domains/example.com']
    status: {code: 201, message: Created}
- request:
    body: null
    headers:
      accept-encoding: ['gzip, deflate']
    method: GET
    uri: http://localhost:9001/3.0/domains/example.com
  response:
    body: {string: '{"alias_domain": null, "description": null, "http_etag": "\"492652d581dc93af101db450d81ae93a074bff49\"",
        "mail_host": "example.com", "self_link": "http://localhost:9001/3.0/domains/example.com"}'}
    headers:
      content-length: ['194']
      content-type: [application/json; charset=UTF-8]
    status: {code: 200, message: OK}
- request:
    body: fqdn_listname=list%40example.com
    headers:
      accept-encoding: ['gzip, deflate']
      content-type: [application/x-www-form-urlencoded]
    method: POST
    uri: http://localhost:9001/3.0/lists
  response:
    body: {string: ''}
    headers:
      content-length: ['0']
      content-type: [application/json; charset=UTF-8]
      location: ['http://localhost:9001/3.0/lists/list.example.com']
    status: {code: 201, message: Created}
- request:
    body: null
    headers:
      accept-encoding: ['gzip, deflate']
    method: GET
    uri: http://localhost:9001/3.0/lists/list.example.com
  response:
    body: {string: '{"display_name": "List", "fqdn_listname": "list@example.com",
        "http_etag": "\"e6a4f3c403f35e4c9a30c19f07bf0e36fa03e45b\"", "list_id": "list.example.com",
        "list_name": "list", "mail_host": "example.com", "member_count": 0, "self_link":
        "http://localhost:9001/3.0/lists/list.example.com", "volume": 1}'}
    headers:
      content-length: ['299']
      content-type: [application/json; charset=UTF-8]
    status: {code: 200, message: OK}
- request:
    body: list_id=list.example.com&role=owner&subscriber=owner%40example.com
    headers:
      accept-encoding: ['gzip, deflate']
      content-type: [application/x-www-form-urlencoded]
    method: POST
    uri: http://localhost:9001/3.0/members
  response:
    body: {string: ''}
    headers:
      content-length: ['0']
      content-type: [application/json; charset=UTF-8]
      location: ['http://localhost:9001/3.0/members/63']
    status: {code: 201, message: Created}
- request:
    body: list_id=list.example.com&role=moderator&subscriber=moderator%40example.com
    headers:
      accept-encoding: ['gzip, deflate']
      content-type: [application/x-www-form-urlencoded]
    method: POST
    uri: http://localhost:9001/3.0/members
  response:
    body: {string: ''}
    headers:
      content-length: ['0']
      content-type: [application/json; charset=UTF-8]
      location: ['http://localhost:9001/3.0/members/64']
    status: {code: 201, message: Created}
- request:
    body: action=discard&header=testheader-1&pattern=testpattern-1
    headers:
      accept-encoding: ['gzip, deflate']
      content-type: [application/x-www-form-urlencoded]
    method: POST
    uri: http://localhost:9001/3.0/lists/list.example.com/header-matches
  response:
    body: {string: ''}
    headers:
      content-length: ['0']
      content-type: [application/json; charset=UTF-8]
      location: ['http://localhost:9001/3.0/lists/list.example.com/header-matches/0']
    status: {code: 201, message: Created}
- request:
    body: action=discard&header=testheader-2&pattern=testpattern-2
    headers:
      accept-encoding: ['gzip, deflate']
      content-type: [application/x-www-form-urlencoded]
    method: POST
    uri: http://localhost:9001/3.0/lists/list.example.com/header-matches
  response:
    body: {string: ''}
    headers:
      content-length: ['0']
      content-type: [application/json; charset=UTF-8]
      location: ['http://localhost:9001/3.0/lists/list.example.com/header-matches/1']
    status: {code: 201, message: Created}
- request:
    body: null
    headers:
      accept-encoding: ['gzip, deflate']
    method: GET
    uri: http://localhost:9001/3.0/lists/list.example.com
  response:
    body: {string: '{"display_name": "List", "fqdn_listname": "list@example.com",
        "http_etag": "\"e6a4f3c403f35e4c9a30c19f07bf0e36fa03e45b\"", "list_id": "list.example.com",
        "list_name": "list", "mail_host": "example.com", "member_count": 0, "self_link":
        "http://localhost:9001/3.0/lists/list.example.com", "volume": 1}'}
    headers:
      content-length: ['299']
      content-type: [application/json; charset=UTF-8]
    status: {code: 200, message: OK}
- request:
    body: null
    headers:
      accept-encoding: ['gzip, deflate']
    method: GET
    uri: http://localhost:9001/3.0/lists/list.example.com/roster/owner
  response:
    body: {string: '{"entries": [{"address": "http://localhost:9001/3.0/addresses/owner@example.com",
        "delivery_mode": "regular", "email": "owner@example.com", "http_etag": "\"c2b026dd2ae458e87f5ef2ac770463a0cc0efa71\"",
        "list_id": "list.example.com", "member_id": 63, "moderation_action": "accept",
        "role": "owner", "self_link": "http://localhost:9001/3.0/members/63", "user":
        "http://localhost:9001/3.0/users/66"}], "http_etag": "\"840156f08ede86722a92ad6dddfcd60dfdc90629\"",
        "start": 0, "total_size": 1}'}
    headers:
      content-length: ['487']
      content-type: [application/json; charset=UTF-8]
    status: {code: 200, message: OK}
- request:
    body: null
    headers:
      accept-encoding: ['gzip, deflate']
    method: GET
    uri: http://localhost:9001/3.0/lists/list.example.com/roster/moderator
  response:
    body: {string: '{"entries": [{"address": "http://localhost:9001/3.0/addresses/moderator@example.com",
        "delivery_mode": "regular", "email": "moderator@example.com", "http_etag":
        "\"11fa7b3c01ac44628491abe8218fe38fe594a989\"", "list_id": "list.example.com",
        "member_id": 64, "moderation_action": "accept", "role": "moderator", "self_link":
        "http://localhost:9001/3.0/members/64", "user": "http://localhost:9001/3.0/users/67"}],
        "http_etag": "\"249a84bfd2d673ab0d7ce439539e00d2baf0c5d0\"", "start": 0, "total_size":
        1}'}
    headers:
      content-length: ['499']
      content-type: [application/json; charset=UTF-8]
    status: {code: 200, message: OK}
- request:
    body: null
    headers:
      accept-encoding: ['gzip, deflate']
    method: GET
    uri: http://localhost:9001/3.0/lists/list.example.com
  response:
    body: {string: '{"display_name": "List", "fqdn_listname": "list@example.com",
        "http_etag": "\"e6a4f3c403f35e4c9a30c19f07bf0e36fa03e45b\"", "list_id": "list.example.com",
        "list_name": "list", "mail_host": "example.com", "member_count": 0, "self_link":
        "http://localhost:9001/3.0/lists/list.example.com", "volume": 1}'}
    headers:
      content-length: ['299']
      content-type: [application/json; charset=UTF-8]
    status: {code: 200, message: OK}
- request:
    body: null
    headers:
      accept-encoding: ['gzip, deflate']
    method: GET
    uri: http://localhost:9001/3.0/lists/list.example.com/header-matches
  response:
    body: {string: '{"entries": [{"action": "discard", "header": "testheader-1", "http_etag":
        "\"c3a486a9676bc129986b609d6c416a969869ee26\"", "pattern": "testpattern-1",
        "position": 0, "self_link": "http://localhost:9001/3.0/lists/list.example.com/header-matches/0"},
        {"action": "discard", "header": "testheader-2", "http_etag": "\"bba2ea72c8931ba99fe39fff8a8a60eed535364c\"",
        "pattern": "testpattern-2", "position": 1, "self_link": "http://localhost:9001/3.0/lists/list.example.com/header-matches/1"}],
        "http_etag": "\"bec4c23ce2239b4c92a78e937618e23381e05436\"", "start": 0, "total_size":
        2}'}
    headers:
      content-length: ['573']
      content-type: [application/json; charset=UTF-8]
    status: {code: 200, message: OK}
- request:
    body: null
    headers:
      accept-encoding: ['gzip, deflate']
    method: GET
    uri: http://localhost:9001/3.0/lists/list.example.com/header-matches
  response:
    body: {string: '{"entries": [{"action": "discard", "header": "testheader-1", "http_etag":
        "\"c3a486a9676bc129986b609d6c416a969869ee26\"", "pattern": "testpattern-1",
        "position": 0, "self_link": "http://localhost:9001/3.0/lists/list.example.com/header-matches/0"},
        {"action": "discard", "header": "testheader-2", "http_etag": "\"bba2ea72c8931ba99fe39fff8a8a60eed535364c\"",
        "pattern": "testpattern-2", "position": 1, "self_link": "http://localhost:9001/3.0/lists/list.example.com/header-matches/1"}],
        "http_etag": "\"bec4c23ce2239b4c92a78e937618e23381e05436\"", "start": 0, "total_size":
        2}'}
    headers:
      content-length: ['573']
      content-type: [application/json; charset=UTF-8]
    status: {code: 200, message: OK}
- request:
    body: null
    headers:
      accept-encoding: ['gzip, deflate']
    method: GET
    uri: http://localhost:9001/3.0/lists/list.example.com/header-matches
  response:
    body: {string: '{"entries": [{"action": "discard", "header": "testheader-1", "http_etag":
        "\"c3a486a9676bc129986b609d6c416a969869ee26\"", "pattern": "testpattern-1",
        "position": 0, "self_link": "http://localhost:9001/3.0/lists/list.example.com/header-matches/0"},
        {"action": "discard", "header": "testheader-2", "http_etag": "\"bba2ea72c8931ba99fe39fff8a8a60eed535364c\"",
        "pattern": "testpattern-2", "position": 1, "self_link": "http://localhost:9001/3.0/lists/list.example.com/header-matches/1"}],
        "http_etag": "\"bec4c23ce2239b4c92a78e937618e23381e05436\"", "start": 0, "total_size":
        2}'}
    headers:
      content-length: ['573']
      content-type: [application/json; charset=UTF-8]
    status: {code: 200, message: OK}
- request:
    body: null
    headers:
      accept-encoding: ['gzip, deflate']
    method: GET
    uri: http://localhost:9001/3.0/domains
  response:
    body: {string: '{"entries": [{"alias_domain": null, "description": null, "http_etag":
        "\"492652d581dc93af101db450d81ae93a074bff49\"", "mail_host": "example.com",
        "self_link": "http://localhost:9001/3.0/domains/example.com"}], "http_etag":
        "\"5868fb6d2442c0d163e0edb2bfd7a92b6c812796\"", "start": 0, "total_size":
        1}'}
    headers:
      content-length: ['299']
      content-type: [application/json; charset=UTF-8]
    status: {code: 200, message: OK}
- request:
    body: null
    headers:
      accept-encoding: ['gzip, deflate']
    method: DELETE
    uri: http://localhost:9001/3.0/domains/example.com
  response:
    body: {string: ''}
    headers:
      Content-Length: ['0']
    status: {code: 204, message: No Content}
- request:
    body: null
    headers:
      accept-encoding: ['gzip, deflate']
    method: GET
    uri: http://localhost:9001/3.0/users
  response:
    body: {string: '{"entries": [{"created_on": "2005-08-01T07:49:23", "http_etag":
        "\"0a53b06deb9b78ed4cdfa9b249ec3f8a688ba2ab\"", "is_server_owner": false,
        "self_link": "http://localhost:9001/3.0/users/66", "user_id": 66}, {"created_on":
        "2005-08-01T07:49:23", "http_etag": "\"8f98b174e9b917748477c21a7ffd7b01a635caa8\"",
        "is_server_owner": false, "self_link": "http://localhost:9001/3.0/users/67",
        "user_id": 67}], "http_etag": "\"01da68868a5b69d38d6b034113f61a82b8ccc63e\"",
        "start": 0, "total_size": 2}'}
    headers:
      content-length: ['487']
      content-type: [application/json; charset=UTF-8]
    status: {code: 200, message: OK}
- request:
    body: null
    headers:
      accept-encoding: ['gzip, deflate']
    method: DELETE
    uri: http://localhost:9001/3.0/users/66
  response:
    body: {string: ''}
    headers:
      Content-Length: ['0']
    status: {code: 204, message: No Content}
- request:
    body: null
    headers:
      accept-encoding: ['gzip, deflate']
    method: DELETE
    uri: http://localhost:9001/3.0/users/67
  response:
    body: {string: ''}
    headers:
      Content-Length: ['0']
    status: {code: 204, message: No Content}
version: 1
