interactions:
- request:
    body: mail_host=example.com
    headers:
      accept-encoding: ['gzip, deflate']
      content-type: [application/x-www-form-urlencoded]
    method: POST
    uri: http://localhost:9001/3.0/domains
  response:
    body: {string: ''}
    headers:
      content-length: ['0']
      content-type: [application/json; charset=UTF-8]
      location: ['http://localhost:9001/3.0/domains/example.com']
    status: {code: 201, message: Created}
- request:
    body: null
    headers:
      accept-encoding: ['gzip, deflate']
    method: GET
    uri: http://localhost:9001/3.0/domains/example.com
  response:
    body: {string: '{"alias_domain": null, "description": null, "http_etag": "\"492652d581dc93af101db450d81ae93a074bff49\"",
        "mail_host": "example.com", "self_link": "http://localhost:9001/3.0/domains/example.com"}'}
    headers:
      content-length: ['194']
      content-type: [application/json; charset=UTF-8]
    status: {code: 200, message: OK}
- request:
    body: fqdn_listname=foo%40example.com
    headers:
      accept-encoding: ['gzip, deflate']
      content-type: [application/x-www-form-urlencoded]
    method: POST
    uri: http://localhost:9001/3.0/lists
  response:
    body: {string: ''}
    headers:
      content-length: ['0']
      content-type: [application/json; charset=UTF-8]
      location: ['http://localhost:9001/3.0/lists/foo.example.com']
    status: {code: 201, message: Created}
- request:
    body: email=user%40example.com&password=None
    headers:
      accept-encoding: ['gzip, deflate']
      content-type: [application/x-www-form-urlencoded]
    method: POST
    uri: http://localhost:9001/3.0/users
  response:
    body: {string: ''}
    headers:
      content-length: ['0']
      content-type: [application/json; charset=UTF-8]
      location: ['http://localhost:9001/3.0/users/185']
    status: {code: 201, message: Created}
- request:
    body: null
    headers:
      accept-encoding: ['gzip, deflate']
    method: GET
    uri: http://localhost:9001/3.0/domains
  response:
    body: {string: '{"entries": [{"alias_domain": null, "description": null, "http_etag":
        "\"492652d581dc93af101db450d81ae93a074bff49\"", "mail_host": "example.com",
        "self_link": "http://localhost:9001/3.0/domains/example.com"}], "http_etag":
        "\"5868fb6d2442c0d163e0edb2bfd7a92b6c812796\"", "start": 0, "total_size":
        1}'}
    headers:
      content-length: ['299']
      content-type: [application/json; charset=UTF-8]
    status: {code: 200, message: OK}
- request:
    body: null
    headers:
      accept-encoding: ['gzip, deflate']
    method: DELETE
    uri: http://localhost:9001/3.0/domains/example.com
  response:
    body: {string: ''}
    headers:
      Content-Length: ['0']
    status: {code: 204, message: No Content}
- request:
    body: null
    headers:
      accept-encoding: ['gzip, deflate']
    method: GET
    uri: http://localhost:9001/3.0/users
  response:
    body: {string: '{"entries": [{"created_on": "2005-08-01T07:49:23", "http_etag":
        "\"28cf8e2ef4b2ab3e24db454c71dc53b6afe882cb\"", "is_server_owner": false,
        "password": "$6$rounds=656000$YZ8H66mxKnYuluvp$tfa4wO76/cC/PZR5.br2C/W91lGGqzI40Tj7VaVTDWW.gsJ4WW7LyMvTYe0qLpKYEpe98MwdxwKvrXw.mu7BZ.",
        "self_link": "http://localhost:9001/3.0/users/185", "user_id": 185}], "http_etag":
        "\"525d9dab80640331554fad56ae3a0261c2ac829b\"", "start": 0, "total_size":
        1}'}
    headers:
      content-length: ['433']
      content-type: [application/json; charset=UTF-8]
    status: {code: 200, message: OK}
- request:
    body: null
    headers:
      accept-encoding: ['gzip, deflate']
    method: DELETE
    uri: http://localhost:9001/3.0/users/185
  response:
    body: {string: ''}
    headers:
      Content-Length: ['0']
    status: {code: 204, message: No Content}
version: 1
